// Jest Snapshot v1, https://goo.gl/fbAQLP

exports[`ErrorDisplay matches snapshots 1`] = `
<DocumentFragment>
  <section
    class="css-rt7554"
  >
    I'm an error message
  </section>
</DocumentFragment>
`;
